
> csi-ussap@0.0.1 build
> quasar build -m pwa


[38;2;25;118;210m [39m[38;2;28;117;207m█[39m[38;2;31;115;204m█[39m[38;2;34;114;201m█[39m[38;2;37;112;197m█[39m[38;2;40;111;194m█[39m[38;2;43;109;191m█[39m[38;2;45;108;188m╗[39m[38;2;48;106;185m [39m[38;2;51;105;182m█[39m[38;2;54;104;178m█[39m[38;2;57;102;175m╗[39m[38;2;60;101;172m [39m[38;2;63;99;169m [39m[38;2;66;98;166m [39m[38;2;69;96;163m█[39m[38;2;72;95;159m█[39m[38;2;75;93;156m╗[39m[38;2;78;92;153m [39m[38;2;80;90;150m█[39m[38;2;83;89;147m█[39m[38;2;86;88;144m█[39m[38;2;89;86;140m█[39m[38;2;92;85;137m█[39m[38;2;95;83;134m╗[39m[38;2;98;82;131m [39m[38;2;101;80;128m█[39m[38;2;104;79;125m█[39m[38;2;107;77;121m█[39m[38;2;110;76;118m█[39m[38;2;113;75;115m█[39m[38;2;115;73;112m█[39m[38;2;118;72;109m█[39m[38;2;121;70;106m╗[39m[38;2;124;69;102m [39m[38;2;127;67;99m█[39m[38;2;130;66;96m█[39m[38;2;133;64;93m█[39m[38;2;136;63;90m█[39m[38;2;139;61;87m█[39m[38;2;142;60;83m╗[39m[38;2;145;59;80m [39m[38;2;148;57;77m█[39m[38;2;150;56;74m█[39m[38;2;153;54;71m█[39m[38;2;156;53;68m█[39m[38;2;159;51;64m█[39m[38;2;162;50;61m█[39m[38;2;165;48;58m╗[39m
[38;2;25;118;210m█[39m[38;2;28;117;207m█[39m[38;2;31;115;204m╔[39m[38;2;34;114;201m═[39m[38;2;37;112;197m═[39m[38;2;40;111;194m═[39m[38;2;43;109;191m█[39m[38;2;45;108;188m█[39m[38;2;48;106;185m╗[39m[38;2;51;105;182m█[39m[38;2;54;104;178m█[39m[38;2;57;102;175m║[39m[38;2;60;101;172m [39m[38;2;63;99;169m [39m[38;2;66;98;166m [39m[38;2;69;96;163m█[39m[38;2;72;95;159m█[39m[38;2;75;93;156m║[39m[38;2;78;92;153m█[39m[38;2;80;90;150m█[39m[38;2;83;89;147m╔[39m[38;2;86;88;144m═[39m[38;2;89;86;140m═[39m[38;2;92;85;137m█[39m[38;2;95;83;134m█[39m[38;2;98;82;131m╗[39m[38;2;101;80;128m█[39m[38;2;104;79;125m█[39m[38;2;107;77;121m╔[39m[38;2;110;76;118m═[39m[38;2;113;75;115m═[39m[38;2;115;73;112m═[39m[38;2;118;72;109m═[39m[38;2;121;70;106m╝[39m[38;2;124;69;102m█[39m[38;2;127;67;99m█[39m[38;2;130;66;96m╔[39m[38;2;133;64;93m═[39m[38;2;136;63;90m═[39m[38;2;139;61;87m█[39m[38;2;142;60;83m█[39m[38;2;145;59;80m╗[39m[38;2;148;57;77m█[39m[38;2;150;56;74m█[39m[38;2;153;54;71m╔[39m[38;2;156;53;68m═[39m[38;2;159;51;64m═[39m[38;2;162;50;61m█[39m[38;2;165;48;58m█[39m[38;2;168;47;55m╗[39m
[38;2;25;118;210m█[39m[38;2;28;117;207m█[39m[38;2;31;115;204m║[39m[38;2;34;114;201m [39m[38;2;37;112;197m [39m[38;2;40;111;194m [39m[38;2;43;109;191m█[39m[38;2;45;108;188m█[39m[38;2;48;106;185m║[39m[38;2;51;105;182m█[39m[38;2;54;104;178m█[39m[38;2;57;102;175m║[39m[38;2;60;101;172m [39m[38;2;63;99;169m [39m[38;2;66;98;166m [39m[38;2;69;96;163m█[39m[38;2;72;95;159m█[39m[38;2;75;93;156m║[39m[38;2;78;92;153m█[39m[38;2;80;90;150m█[39m[38;2;83;89;147m█[39m[38;2;86;88;144m█[39m[38;2;89;86;140m█[39m[38;2;92;85;137m█[39m[38;2;95;83;134m█[39m[38;2;98;82;131m║[39m[38;2;101;80;128m█[39m[38;2;104;79;125m█[39m[38;2;107;77;121m█[39m[38;2;110;76;118m█[39m[38;2;113;75;115m█[39m[38;2;115;73;112m█[39m[38;2;118;72;109m█[39m[38;2;121;70;106m╗[39m[38;2;124;69;102m█[39m[38;2;127;67;99m█[39m[38;2;130;66;96m█[39m[38;2;133;64;93m█[39m[38;2;136;63;90m█[39m[38;2;139;61;87m█[39m[38;2;142;60;83m█[39m[38;2;145;59;80m║[39m[38;2;148;57;77m█[39m[38;2;150;56;74m█[39m[38;2;153;54;71m█[39m[38;2;156;53;68m█[39m[38;2;159;51;64m█[39m[38;2;162;50;61m█[39m[38;2;165;48;58m╔[39m[38;2;168;47;55m╝[39m
[38;2;25;118;210m█[39m[38;2;28;117;207m█[39m[38;2;31;115;204m║[39m[38;2;34;114;201m▄[39m[38;2;37;112;197m▄[39m[38;2;40;111;194m [39m[38;2;43;109;191m█[39m[38;2;45;108;188m█[39m[38;2;48;106;185m║[39m[38;2;51;105;182m█[39m[38;2;54;104;178m█[39m[38;2;57;102;175m║[39m[38;2;60;101;172m [39m[38;2;63;99;169m [39m[38;2;66;98;166m [39m[38;2;69;96;163m█[39m[38;2;72;95;159m█[39m[38;2;75;93;156m║[39m[38;2;78;92;153m█[39m[38;2;80;90;150m█[39m[38;2;83;89;147m╔[39m[38;2;86;88;144m═[39m[38;2;89;86;140m═[39m[38;2;92;85;137m█[39m[38;2;95;83;134m█[39m[38;2;98;82;131m║[39m[38;2;101;80;128m╚[39m[38;2;104;79;125m═[39m[38;2;107;77;121m═[39m[38;2;110;76;118m═[39m[38;2;113;75;115m═[39m[38;2;115;73;112m█[39m[38;2;118;72;109m█[39m[38;2;121;70;106m║[39m[38;2;124;69;102m█[39m[38;2;127;67;99m█[39m[38;2;130;66;96m╔[39m[38;2;133;64;93m═[39m[38;2;136;63;90m═[39m[38;2;139;61;87m█[39m[38;2;142;60;83m█[39m[38;2;145;59;80m║[39m[38;2;148;57;77m█[39m[38;2;150;56;74m█[39m[38;2;153;54;71m╔[39m[38;2;156;53;68m═[39m[38;2;159;51;64m═[39m[38;2;162;50;61m█[39m[38;2;165;48;58m█[39m[38;2;168;47;55m╗[39m
[38;2;25;118;210m╚[39m[38;2;28;117;207m█[39m[38;2;31;115;204m█[39m[38;2;34;114;201m█[39m[38;2;37;112;197m█[39m[38;2;40;111;194m█[39m[38;2;43;109;191m█[39m[38;2;45;108;188m╔[39m[38;2;48;106;185m╝[39m[38;2;51;105;182m╚[39m[38;2;54;104;178m█[39m[38;2;57;102;175m█[39m[38;2;60;101;172m█[39m[38;2;63;99;169m█[39m[38;2;66;98;166m█[39m[38;2;69;96;163m█[39m[38;2;72;95;159m╔[39m[38;2;75;93;156m╝[39m[38;2;78;92;153m█[39m[38;2;80;90;150m█[39m[38;2;83;89;147m║[39m[38;2;86;88;144m [39m[38;2;89;86;140m [39m[38;2;92;85;137m█[39m[38;2;95;83;134m█[39m[38;2;98;82;131m║[39m[38;2;101;80;128m█[39m[38;2;104;79;125m█[39m[38;2;107;77;121m█[39m[38;2;110;76;118m█[39m[38;2;113;75;115m█[39m[38;2;115;73;112m█[39m[38;2;118;72;109m█[39m[38;2;121;70;106m║[39m[38;2;124;69;102m█[39m[38;2;127;67;99m█[39m[38;2;130;66;96m║[39m[38;2;133;64;93m [39m[38;2;136;63;90m [39m[38;2;139;61;87m█[39m[38;2;142;60;83m█[39m[38;2;145;59;80m║[39m[38;2;148;57;77m█[39m[38;2;150;56;74m█[39m[38;2;153;54;71m║[39m[38;2;156;53;68m [39m[38;2;159;51;64m [39m[38;2;162;50;61m█[39m[38;2;165;48;58m█[39m[38;2;168;47;55m║[39m
[38;2;25;118;210m [39m[38;2;28;117;207m╚[39m[38;2;31;115;204m═[39m[38;2;34;114;201m═[39m[38;2;37;112;197m▀[39m[38;2;40;111;194m▀[39m[38;2;43;109;191m═[39m[38;2;45;108;188m╝[39m[38;2;48;106;185m [39m[38;2;51;105;182m [39m[38;2;54;104;178m╚[39m[38;2;57;102;175m═[39m[38;2;60;101;172m═[39m[38;2;63;99;169m═[39m[38;2;66;98;166m═[39m[38;2;69;96;163m═[39m[38;2;72;95;159m╝[39m[38;2;75;93;156m [39m[38;2;78;92;153m╚[39m[38;2;80;90;150m═[39m[38;2;83;89;147m╝[39m[38;2;86;88;144m [39m[38;2;89;86;140m [39m[38;2;92;85;137m╚[39m[38;2;95;83;134m═[39m[38;2;98;82;131m╝[39m[38;2;101;80;128m╚[39m[38;2;104;79;125m═[39m[38;2;107;77;121m═[39m[38;2;110;76;118m═[39m[38;2;113;75;115m═[39m[38;2;115;73;112m═[39m[38;2;118;72;109m═[39m[38;2;121;70;106m╝[39m[38;2;124;69;102m╚[39m[38;2;127;67;99m═[39m[38;2;130;66;96m╝[39m[38;2;133;64;93m [39m[38;2;136;63;90m [39m[38;2;139;61;87m╚[39m[38;2;142;60;83m═[39m[38;2;145;59;80m╝[39m[38;2;148;57;77m╚[39m[38;2;150;56;74m═[39m[38;2;153;54;71m╝[39m[38;2;156;53;68m [39m[38;2;159;51;64m [39m[38;2;162;50;61m╚[39m[38;2;165;48;58m═[39m[38;2;168;47;55m╝[39m


 Build mode............. pwa
 Pkg quasar............. v2.20.0
 Pkg @quasar/app-vite... v3.0.0-rc.2
 Pkg vite............... v8.0.16
 Debugging.............. no
 Publishing............. no

 App • Compiling quasar.config.js (no env prefix; dotenv files: .env)
 App • Env • Client code prefix: QCLI_; dotenv files: .env

 App •  WAIT  • Vite • Compiling PWA UI...
✗ Build failed in 1.61s
Build failed with 1 error:

[plugin vite:vue] /home/crazylurk/Projects/csi-frontend/src/layouts/MainLayout.vue:171:9
SyntaxError: [vue/compiler-sfc] Identifier 'useChatStore' has already been declared. (171:9)

/home/crazylurk/Projects/csi-frontend/src/layouts/MainLayout.vue
362|  import { watch } from 'vue'
363|  import { useDashboardStore } from '../stores/dashboardStore'
364|  import { useChatStore } from '../stores/chatStore'
   |           ^
365|  
366|  watch(() => authStore.userRole, async (newRole) => {
    at constructor (/home/crazylurk/Projects/csi-frontend/node_modules/@babel/parser/lib/index.js:365:19)
    at Parser.raise (/home/crazylurk/Projects/csi-frontend/node_modules/@babel/parser/lib/index.js:6616:19)
    at ScopeHandler.checkRedeclarationInScope (/home/crazylurk/Projects/csi-frontend/node_modules/@babel/parser/lib/index.js:1619:19)
    at ScopeHandler.declareName (/home/crazylurk/Projects/csi-frontend/node_modules/@babel/parser/lib/index.js:1585:12)
    at Parser.declareNameFromIdentifier (/home/crazylurk/Projects/csi-frontend/node_modules/@babel/parser/lib/index.js:7584:16)
    at Parser.checkIdentifier (/home/crazylurk/Projects/csi-frontend/node_modules/@babel/parser/lib/index.js:7580:12)
    at Parser.checkLVal (/home/crazylurk/Projects/csi-frontend/node_modules/@babel/parser/lib/index.js:7517:12)
    at Parser.finishImportSpecifier (/home/crazylurk/Projects/csi-frontend/node_modules/@babel/parser/lib/index.js:14283:10)
    at Parser.parseImportSpecifier (/home/crazylurk/Projects/csi-frontend/node_modules/@babel/parser/lib/index.js:14436:17)
    at Parser.parseNamedImportSpecifiers (/home/crazylurk/Projects/csi-frontend/node_modules/@babel/parser/lib/index.js:14415:36)
    at aggregateBindingErrorsIntoJsError (file:///home/crazylurk/Projects/csi-frontend/node_modules/vite/node_modules/rolldown/dist/shared/error-BuvQYXuZ.mjs:48:18)
    at unwrapBindingResult (file:///home/crazylurk/Projects/csi-frontend/node_modules/vite/node_modules/rolldown/dist/shared/error-BuvQYXuZ.mjs:18:128)
    at #build (file:///home/crazylurk/Projects/csi-frontend/node_modules/vite/node_modules/rolldown/dist/shared/rolldown-build-CrPk_lZe.mjs:3246:34)
    at async buildEnvironment (file:///home/crazylurk/Projects/csi-frontend/node_modules/vite/dist/node/chunks/node.js:33253:64)
    at async Object.build (file:///home/crazylurk/Projects/csi-frontend/node_modules/vite/dist/node/chunks/node.js:33675:19)
    at async QuasarModeBuilder.buildWithVite (file:///home/crazylurk/Projects/csi-frontend/node_modules/@quasar/app-vite/lib/app-tool.js:29:5)
    at async #buildUI (file:///home/crazylurk/Projects/csi-frontend/node_modules/@quasar/app-vite/lib/modes/pwa/pwa-builder.js:24:5)
    at async QuasarModeBuilder.build (file:///home/crazylurk/Projects/csi-frontend/node_modules/@quasar/app-vite/lib/modes/pwa/pwa-builder.js:16:5) {
  errors: [Getter/Setter]
}

 App • ⚠️   FAIL  App build failed (check the log above)

